// Jest Snapshot v1, https://goo.gl/fbAQLP

exports[`renders correctly 1`] = `
<View
  style={
    Object {
      "backgroundColor": "skyblue",
      "height": 50,
      "justifyContent": "center",
      "padding": 8,
    }
  }
>
  <Text
    style={
      Object {
        "color": "white",
        "fontSize": 24,
        "textAlign": "center",
      }
    }
  >
    Home
  </Text>
</View>
`;
